
> @veilpay/contract@0.1.0 compact
> compact compile src/veilpay.compact ./src/managed/veilpay && compact compile src/veilpay2.compact ./src/managed/veilpay2 && compact compile src/veilpay3.compact ./src/managed/veilpay3

Compiling 5 circuits:
Compiling 5 circuits:
Exception: veilpay3.compact line 95 char 3:
  potential witness-value disclosure must be declared but is not:
    witness value potentially disclosed:
      the return value of witness receiptSecret at line 52 char 1
    nature of the disclosure:
      the value returned from exported circuit payerReceiptCommitment might disclose a hash of
      the witness value
    via this path through the program:
      the argument to persistentHash at line 95 char 10
npm error Lifecycle script `compact` failed with error:
npm error code 255
npm error path /home/runner/work/veilpay/veilpay/contract
npm error workspace @veilpay/contract@0.1.0
npm error location /home/runner/work/veilpay/veilpay/contract
npm error command failed
npm error command sh -c compact compile src/veilpay.compact ./src/managed/veilpay && compact compile src/veilpay2.compact ./src/managed/veilpay2 && compact compile src/veilpay3.compact ./src/managed/veilpay3
COMPACT_EXIT=255
